Performing C SOURCE FILE Test HAVE_GCC_WDOCUMENTATION failed with the following output:
Change Dir: /workspaces/CHIP-8-Emulator/src/SDL3-3.2.16/build/CMakeFiles/CMakeTmp

Run Build Command(s):/usr/bin/make cmTC_41ad6/fast && /usr/bin/make -f CMakeFiles/cmTC_41ad6.dir/build.make CMakeFiles/cmTC_41ad6.dir/build
make[1]: Entering directory '/workspaces/CHIP-8-Emulator/src/SDL3-3.2.16/build/CMakeFiles/CMakeTmp'
Building C object CMakeFiles/cmTC_41ad6.dir/src.c.o
/usr/bin/cc   -DHAVE_GCC_WDOCUMENTATION  -D_GNU_SOURCE=1   -Wdocumentation -o CMakeFiles/cmTC_41ad6.dir/src.c.o   -c /workspaces/CHIP-8-Emulator/src/SDL3-3.2.16/build/CMakeFiles/CMakeTmp/src.c
cc: error: unrecognized command line option '-Wdocumentation'
make[1]: *** [CMakeFiles/cmTC_41ad6.dir/build.make:66: CMakeFiles/cmTC_41ad6.dir/src.c.o] Error 1
make[1]: Leaving directory '/workspaces/CHIP-8-Emulator/src/SDL3-3.2.16/build/CMakeFiles/CMakeTmp'
make: *** [Makefile:121: cmTC_41ad6/fast] Error 2


Source file was:
int main(void) { return 0; }
Performing C SOURCE FILE Test HAVE_GCC_WDOCUMENTATION_UNKNOWN_COMMAND failed with the following output:
Change Dir: /workspaces/CHIP-8-Emulator/src/SDL3-3.2.16/build/CMakeFiles/CMakeTmp

Run Build Command(s):/usr/bin/make cmTC_2cfdc/fast && /usr/bin/make -f CMakeFiles/cmTC_2cfdc.dir/build.make CMakeFiles/cmTC_2cfdc.dir/build
make[1]: Entering directory '/workspaces/CHIP-8-Emulator/src/SDL3-3.2.16/build/CMakeFiles/CMakeTmp'
Building C object CMakeFiles/cmTC_2cfdc.dir/src.c.o
/usr/bin/cc   -DHAVE_GCC_WDOCUMENTATION_UNKNOWN_COMMAND  -D_GNU_SOURCE=1   -Wdocumentation-unknown-command -o CMakeFiles/cmTC_2cfdc.dir/src.c.o   -c /workspaces/CHIP-8-Emulator/src/SDL3-3.2.16/build/CMakeFiles/CMakeTmp/src.c
cc: error: unrecognized command line option '-Wdocumentation-unknown-command'
make[1]: *** [CMakeFiles/cmTC_2cfdc.dir/build.make:66: CMakeFiles/cmTC_2cfdc.dir/src.c.o] Error 1
make[1]: Leaving directory '/workspaces/CHIP-8-Emulator/src/SDL3-3.2.16/build/CMakeFiles/CMakeTmp'
make: *** [Makefile:121: cmTC_2cfdc/fast] Error 2


Source file was:
int main(void) { return 0; }
Performing C SOURCE FILE Test HAVE_GCC_COMMENT_BLOCK_COMMANDS failed with the following output:
Change Dir: /workspaces/CHIP-8-Emulator/src/SDL3-3.2.16/build/CMakeFiles/CMakeTmp

Run Build Command(s):/usr/bin/make cmTC_f65a8/fast && /usr/bin/make -f CMakeFiles/cmTC_f65a8.dir/build.make CMakeFiles/cmTC_f65a8.dir/build
make[1]: Entering directory '/workspaces/CHIP-8-Emulator/src/SDL3-3.2.16/build/CMakeFiles/CMakeTmp'
Building C object CMakeFiles/cmTC_f65a8.dir/src.c.o
/usr/bin/cc   -DHAVE_GCC_COMMENT_BLOCK_COMMANDS  -D_GNU_SOURCE=1   -fcomment-block-commands=threadsafety -o CMakeFiles/cmTC_f65a8.dir/src.c.o   -c /workspaces/CHIP-8-Emulator/src/SDL3-3.2.16/build/CMakeFiles/CMakeTmp/src.c
cc: error: unrecognized command line option '-fcomment-block-commands=threadsafety'
make[1]: *** [CMakeFiles/cmTC_f65a8.dir/build.make:66: CMakeFiles/cmTC_f65a8.dir/src.c.o] Error 1
make[1]: Leaving directory '/workspaces/CHIP-8-Emulator/src/SDL3-3.2.16/build/CMakeFiles/CMakeTmp'
make: *** [Makefile:121: cmTC_f65a8/fast] Error 2


Source file was:
int main(void) { return 0; }
Performing C SOURCE FILE Test HAVE_CLANG_COMMENT_BLOCK_COMMANDS failed with the following output:
Change Dir: /workspaces/CHIP-8-Emulator/src/SDL3-3.2.16/build/CMakeFiles/CMakeTmp

Run Build Command(s):/usr/bin/make cmTC_85fef/fast && /usr/bin/make -f CMakeFiles/cmTC_85fef.dir/build.make CMakeFiles/cmTC_85fef.dir/build
make[1]: Entering directory '/workspaces/CHIP-8-Emulator/src/SDL3-3.2.16/build/CMakeFiles/CMakeTmp'
Building C object CMakeFiles/cmTC_85fef.dir/src.c.o
/usr/bin/cc   -DHAVE_CLANG_COMMENT_BLOCK_COMMANDS  -D_GNU_SOURCE=1   /clang:-fcomment-block-commands=threadsafety -o CMakeFiles/cmTC_85fef.dir/src.c.o   -c /workspaces/CHIP-8-Emulator/src/SDL3-3.2.16/build/CMakeFiles/CMakeTmp/src.c
cc: error: /clang:-fcomment-block-commands=threadsafety: No such file or directory
make[1]: *** [CMakeFiles/cmTC_85fef.dir/build.make:66: CMakeFiles/cmTC_85fef.dir/src.c.o] Error 1
make[1]: Leaving directory '/workspaces/CHIP-8-Emulator/src/SDL3-3.2.16/build/CMakeFiles/CMakeTmp'
make: *** [Makefile:121: cmTC_85fef/fast] Error 2


Source file was:
int main(void) { return 0; }
Determining if the _i64toa exist failed with the following output:
Change Dir: /workspaces/CHIP-8-Emulator/src/SDL3-3.2.16/build/CMakeFiles/CMakeTmp

Run Build Command(s):/usr/bin/make cmTC_4d664/fast && /usr/bin/make -f CMakeFiles/cmTC_4d664.dir/build.make CMakeFiles/cmTC_4d664.dir/build
make[1]: Entering directory '/workspaces/CHIP-8-Emulator/src/SDL3-3.2.16/build/CMakeFiles/CMakeTmp'
Building C object CMakeFiles/cmTC_4d664.dir/CheckSymbolExists.c.o
/usr/bin/cc   -D_GNU_SOURCE=1   -o CMakeFiles/cmTC_4d664.dir/CheckSymbolExists.c.o   -c /workspaces/CHIP-8-Emulator/src/SDL3-3.2.16/build/CMakeFiles/CMakeTmp/CheckSymbolExists.c
/workspaces/CHIP-8-Emulator/src/SDL3-3.2.16/build/CMakeFiles/CMakeTmp/CheckSymbolExists.c: In function ‘main’:
/workspaces/CHIP-8-Emulator/src/SDL3-3.2.16/build/CMakeFiles/CMakeTmp/CheckSymbolExists.c:26:19: error: ‘_i64toa’ undeclared (first use in this function)
   26 |   return ((int*)(&_i64toa))[argc];
      |                   ^~~~~~~
/workspaces/CHIP-8-Emulator/src/SDL3-3.2.16/build/CMakeFiles/CMakeTmp/CheckSymbolExists.c:26:19: note: each undeclared identifier is reported only once for each function it appears in
make[1]: *** [CMakeFiles/cmTC_4d664.dir/build.make:66: CMakeFiles/cmTC_4d664.dir/CheckSymbolExists.c.o] Error 1
make[1]: Leaving directory '/workspaces/CHIP-8-Emulator/src/SDL3-3.2.16/build/CMakeFiles/CMakeTmp'
make: *** [Makefile:121: cmTC_4d664/fast] Error 2


File /workspaces/CHIP-8-Emulator/src/SDL3-3.2.16/build/CMakeFiles/CMakeTmp/CheckSymbolExists.c:
/* */
#include <float.h>
#include <iconv.h>
#include <inttypes.h>
#include <limits.h>
#include <malloc.h>
#include <math.h>
#include <memory.h>
#include <signal.h>
#include <stdarg.h>
#include <stdbool.h>
#include <stddef.h>
#include <stdint.h>
#include <stdio.h>
#include <stdlib.h>
#include <string.h>
#include <strings.h>
#include <sys/types.h>
#include <time.h>
#include <wchar.h>

int main(int argc, char** argv)
{
  (void)argv;
#ifndef _i64toa
  return ((int*)(&_i64toa))[argc];
#else
  (void)argc;
  return 0;
#endif
}
Determining if the itoa exist failed with the following output:
Change Dir: /workspaces/CHIP-8-Emulator/src/SDL3-3.2.16/build/CMakeFiles/CMakeTmp

Run Build Command(s):/usr/bin/make cmTC_a367c/fast && /usr/bin/make -f CMakeFiles/cmTC_a367c.dir/build.make CMakeFiles/cmTC_a367c.dir/build
make[1]: Entering directory '/workspaces/CHIP-8-Emulator/src/SDL3-3.2.16/build/CMakeFiles/CMakeTmp'
Building C object CMakeFiles/cmTC_a367c.dir/CheckSymbolExists.c.o
/usr/bin/cc   -D_GNU_SOURCE=1   -o CMakeFiles/cmTC_a367c.dir/CheckSymbolExists.c.o   -c /workspaces/CHIP-8-Emulator/src/SDL3-3.2.16/build/CMakeFiles/CMakeTmp/CheckSymbolExists.c
/workspaces/CHIP-8-Emulator/src/SDL3-3.2.16/build/CMakeFiles/CMakeTmp/CheckSymbolExists.c: In function ‘main’:
/workspaces/CHIP-8-Emulator/src/SDL3-3.2.16/build/CMakeFiles/CMakeTmp/CheckSymbolExists.c:26:19: error: ‘itoa’ undeclared (first use in this function)
   26 |   return ((int*)(&itoa))[argc];
      |                   ^~~~
/workspaces/CHIP-8-Emulator/src/SDL3-3.2.16/build/CMakeFiles/CMakeTmp/CheckSymbolExists.c:26:19: note: each undeclared identifier is reported only once for each function it appears in
make[1]: *** [CMakeFiles/cmTC_a367c.dir/build.make:66: CMakeFiles/cmTC_a367c.dir/CheckSymbolExists.c.o] Error 1
make[1]: Leaving directory '/workspaces/CHIP-8-Emulator/src/SDL3-3.2.16/build/CMakeFiles/CMakeTmp'
make: *** [Makefile:121: cmTC_a367c/fast] Error 2


File /workspaces/CHIP-8-Emulator/src/SDL3-3.2.16/build/CMakeFiles/CMakeTmp/CheckSymbolExists.c:
/* */
#include <float.h>
#include <iconv.h>
#include <inttypes.h>
#include <limits.h>
#include <malloc.h>
#include <math.h>
#include <memory.h>
#include <signal.h>
#include <stdarg.h>
#include <stdbool.h>
#include <stddef.h>
#include <stdint.h>
#include <stdio.h>
#include <stdlib.h>
#include <string.h>
#include <strings.h>
#include <sys/types.h>
#include <time.h>
#include <wchar.h>

int main(int argc, char** argv)
{
  (void)argv;
#ifndef itoa
  return ((int*)(&itoa))[argc];
#else
  (void)argc;
  return 0;
#endif
}
Determining if the _ltoa exist failed with the following output:
Change Dir: /workspaces/CHIP-8-Emulator/src/SDL3-3.2.16/build/CMakeFiles/CMakeTmp

Run Build Command(s):/usr/bin/make cmTC_4f92f/fast && /usr/bin/make -f CMakeFiles/cmTC_4f92f.dir/build.make CMakeFiles/cmTC_4f92f.dir/build
make[1]: Entering directory '/workspaces/CHIP-8-Emulator/src/SDL3-3.2.16/build/CMakeFiles/CMakeTmp'
Building C object CMakeFiles/cmTC_4f92f.dir/CheckSymbolExists.c.o
/usr/bin/cc   -D_GNU_SOURCE=1   -o CMakeFiles/cmTC_4f92f.dir/CheckSymbolExists.c.o   -c /workspaces/CHIP-8-Emulator/src/SDL3-3.2.16/build/CMakeFiles/CMakeTmp/CheckSymbolExists.c
/workspaces/CHIP-8-Emulator/src/SDL3-3.2.16/build/CMakeFiles/CMakeTmp/CheckSymbolExists.c: In function ‘main’:
/workspaces/CHIP-8-Emulator/src/SDL3-3.2.16/build/CMakeFiles/CMakeTmp/CheckSymbolExists.c:26:19: error: ‘_ltoa’ undeclared (first use in this function)
   26 |   return ((int*)(&_ltoa))[argc];
      |                   ^~~~~
/workspaces/CHIP-8-Emulator/src/SDL3-3.2.16/build/CMakeFiles/CMakeTmp/CheckSymbolExists.c:26:19: note: each undeclared identifier is reported only once for each function it appears in
make[1]: *** [CMakeFiles/cmTC_4f92f.dir/build.make:66: CMakeFiles/cmTC_4f92f.dir/CheckSymbolExists.c.o] Error 1
make[1]: Leaving directory '/workspaces/CHIP-8-Emulator/src/SDL3-3.2.16/build/CMakeFiles/CMakeTmp'
make: *** [Makefile:121: cmTC_4f92f/fast] Error 2


File /workspaces/CHIP-8-Emulator/src/SDL3-3.2.16/build/CMakeFiles/CMakeTmp/CheckSymbolExists.c:
/* */
#include <float.h>
#include <iconv.h>
#include <inttypes.h>
#include <limits.h>
#include <malloc.h>
#include <math.h>
#include <memory.h>
#include <signal.h>
#include <stdarg.h>
#include <stdbool.h>
#include <stddef.h>
#include <stdint.h>
#include <stdio.h>
#include <stdlib.h>
#include <string.h>
#include <strings.h>
#include <sys/types.h>
#include <time.h>
#include <wchar.h>

int main(int argc, char** argv)
{
  (void)argv;
#ifndef _ltoa
  return ((int*)(&_ltoa))[argc];
#else
  (void)argc;
  return 0;
#endif
}
Determining if the sqr exist failed with the following output:
Change Dir: /workspaces/CHIP-8-Emulator/src/SDL3-3.2.16/build/CMakeFiles/CMakeTmp

Run Build Command(s):/usr/bin/make cmTC_32036/fast && /usr/bin/make -f CMakeFiles/cmTC_32036.dir/build.make CMakeFiles/cmTC_32036.dir/build
make[1]: Entering directory '/workspaces/CHIP-8-Emulator/src/SDL3-3.2.16/build/CMakeFiles/CMakeTmp'
Building C object CMakeFiles/cmTC_32036.dir/CheckSymbolExists.c.o
/usr/bin/cc   -D_GNU_SOURCE=1   -o CMakeFiles/cmTC_32036.dir/CheckSymbolExists.c.o   -c /workspaces/CHIP-8-Emulator/src/SDL3-3.2.16/build/CMakeFiles/CMakeTmp/CheckSymbolExists.c
/workspaces/CHIP-8-Emulator/src/SDL3-3.2.16/build/CMakeFiles/CMakeTmp/CheckSymbolExists.c: In function ‘main’:
/workspaces/CHIP-8-Emulator/src/SDL3-3.2.16/build/CMakeFiles/CMakeTmp/CheckSymbolExists.c:26:19: error: ‘sqr’ undeclared (first use in this function); did you mean ‘sqrt’?
   26 |   return ((int*)(&sqr))[argc];
      |                   ^~~
      |                   sqrt
/workspaces/CHIP-8-Emulator/src/SDL3-3.2.16/build/CMakeFiles/CMakeTmp/CheckSymbolExists.c:26:19: note: each undeclared identifier is reported only once for each function it appears in
make[1]: *** [CMakeFiles/cmTC_32036.dir/build.make:66: CMakeFiles/cmTC_32036.dir/CheckSymbolExists.c.o] Error 1
make[1]: Leaving directory '/workspaces/CHIP-8-Emulator/src/SDL3-3.2.16/build/CMakeFiles/CMakeTmp'
make: *** [Makefile:121: cmTC_32036/fast] Error 2


File /workspaces/CHIP-8-Emulator/src/SDL3-3.2.16/build/CMakeFiles/CMakeTmp/CheckSymbolExists.c:
/* */
#include <float.h>
#include <iconv.h>
#include <inttypes.h>
#include <limits.h>
#include <malloc.h>
#include <math.h>
#include <memory.h>
#include <signal.h>
#include <stdarg.h>
#include <stdbool.h>
#include <stddef.h>
#include <stdint.h>
#include <stdio.h>
#include <stdlib.h>
#include <string.h>
#include <strings.h>
#include <sys/types.h>
#include <time.h>
#include <wchar.h>

int main(int argc, char** argv)
{
  (void)argv;
#ifndef sqr
  return ((int*)(&sqr))[argc];
#else
  (void)argc;
  return 0;
#endif
}
Determining if the strlcat exist failed with the following output:
Change Dir: /workspaces/CHIP-8-Emulator/src/SDL3-3.2.16/build/CMakeFiles/CMakeTmp

Run Build Command(s):/usr/bin/make cmTC_58bd5/fast && /usr/bin/make -f CMakeFiles/cmTC_58bd5.dir/build.make CMakeFiles/cmTC_58bd5.dir/build
make[1]: Entering directory '/workspaces/CHIP-8-Emulator/src/SDL3-3.2.16/build/CMakeFiles/CMakeTmp'
Building C object CMakeFiles/cmTC_58bd5.dir/CheckSymbolExists.c.o
/usr/bin/cc   -D_GNU_SOURCE=1   -o CMakeFiles/cmTC_58bd5.dir/CheckSymbolExists.c.o   -c /workspaces/CHIP-8-Emulator/src/SDL3-3.2.16/build/CMakeFiles/CMakeTmp/CheckSymbolExists.c
/workspaces/CHIP-8-Emulator/src/SDL3-3.2.16/build/CMakeFiles/CMakeTmp/CheckSymbolExists.c: In function ‘main’:
/workspaces/CHIP-8-Emulator/src/SDL3-3.2.16/build/CMakeFiles/CMakeTmp/CheckSymbolExists.c:26:19: error: ‘strlcat’ undeclared (first use in this function); did you mean ‘strncat’?
   26 |   return ((int*)(&strlcat))[argc];
      |                   ^~~~~~~
      |                   strncat
/workspaces/CHIP-8-Emulator/src/SDL3-3.2.16/build/CMakeFiles/CMakeTmp/CheckSymbolExists.c:26:19: note: each undeclared identifier is reported only once for each function it appears in
make[1]: *** [CMakeFiles/cmTC_58bd5.dir/build.make:66: CMakeFiles/cmTC_58bd5.dir/CheckSymbolExists.c.o] Error 1
make[1]: Leaving directory '/workspaces/CHIP-8-Emulator/src/SDL3-3.2.16/build/CMakeFiles/CMakeTmp'
make: *** [Makefile:121: cmTC_58bd5/fast] Error 2


File /workspaces/CHIP-8-Emulator/src/SDL3-3.2.16/build/CMakeFiles/CMakeTmp/CheckSymbolExists.c:
/* */
#include <float.h>
#include <iconv.h>
#include <inttypes.h>
#include <limits.h>
#include <malloc.h>
#include <math.h>
#include <memory.h>
#include <signal.h>
#include <stdarg.h>
#include <stdbool.h>
#include <stddef.h>
#include <stdint.h>
#include <stdio.h>
#include <stdlib.h>
#include <string.h>
#include <strings.h>
#include <sys/types.h>
#include <time.h>
#include <wchar.h>

int main(int argc, char** argv)
{
  (void)argv;
#ifndef strlcat
  return ((int*)(&strlcat))[argc];
#else
  (void)argc;
  return 0;
#endif
}
Determining if the strlcpy exist failed with the following output:
Change Dir: /workspaces/CHIP-8-Emulator/src/SDL3-3.2.16/build/CMakeFiles/CMakeTmp

Run Build Command(s):/usr/bin/make cmTC_83313/fast && /usr/bin/make -f CMakeFiles/cmTC_83313.dir/build.make CMakeFiles/cmTC_83313.dir/build
make[1]: Entering directory '/workspaces/CHIP-8-Emulator/src/SDL3-3.2.16/build/CMakeFiles/CMakeTmp'
Building C object CMakeFiles/cmTC_83313.dir/CheckSymbolExists.c.o
/usr/bin/cc   -D_GNU_SOURCE=1   -o CMakeFiles/cmTC_83313.dir/CheckSymbolExists.c.o   -c /workspaces/CHIP-8-Emulator/src/SDL3-3.2.16/build/CMakeFiles/CMakeTmp/CheckSymbolExists.c
/workspaces/CHIP-8-Emulator/src/SDL3-3.2.16/build/CMakeFiles/CMakeTmp/CheckSymbolExists.c: In function ‘main’:
/workspaces/CHIP-8-Emulator/src/SDL3-3.2.16/build/CMakeFiles/CMakeTmp/CheckSymbolExists.c:26:19: error: ‘strlcpy’ undeclared (first use in this function); did you mean ‘strncpy’?
   26 |   return ((int*)(&strlcpy))[argc];
      |                   ^~~~~~~
      |                   strncpy
/workspaces/CHIP-8-Emulator/src/SDL3-3.2.16/build/CMakeFiles/CMakeTmp/CheckSymbolExists.c:26:19: note: each undeclared identifier is reported only once for each function it appears in
make[1]: *** [CMakeFiles/cmTC_83313.dir/build.make:66: CMakeFiles/cmTC_83313.dir/CheckSymbolExists.c.o] Error 1
make[1]: Leaving directory '/workspaces/CHIP-8-Emulator/src/SDL3-3.2.16/build/CMakeFiles/CMakeTmp'
make: *** [Makefile:121: cmTC_83313/fast] Error 2


File /workspaces/CHIP-8-Emulator/src/SDL3-3.2.16/build/CMakeFiles/CMakeTmp/CheckSymbolExists.c:
/* */
#include <float.h>
#include <iconv.h>
#include <inttypes.h>
#include <limits.h>
#include <malloc.h>
#include <math.h>
#include <memory.h>
#include <signal.h>
#include <stdarg.h>
#include <stdbool.h>
#include <stddef.h>
#include <stdint.h>
#include <stdio.h>
#include <stdlib.h>
#include <string.h>
#include <strings.h>
#include <sys/types.h>
#include <time.h>
#include <wchar.h>

int main(int argc, char** argv)
{
  (void)argv;
#ifndef strlcpy
  return ((int*)(&strlcpy))[argc];
#else
  (void)argc;
  return 0;
#endif
}
Determining if the strnstr exist failed with the following output:
Change Dir: /workspaces/CHIP-8-Emulator/src/SDL3-3.2.16/build/CMakeFiles/CMakeTmp

Run Build Command(s):/usr/bin/make cmTC_50df7/fast && /usr/bin/make -f CMakeFiles/cmTC_50df7.dir/build.make CMakeFiles/cmTC_50df7.dir/build
make[1]: Entering directory '/workspaces/CHIP-8-Emulator/src/SDL3-3.2.16/build/CMakeFiles/CMakeTmp'
Building C object CMakeFiles/cmTC_50df7.dir/CheckSymbolExists.c.o
/usr/bin/cc   -D_GNU_SOURCE=1   -o CMakeFiles/cmTC_50df7.dir/CheckSymbolExists.c.o   -c /workspaces/CHIP-8-Emulator/src/SDL3-3.2.16/build/CMakeFiles/CMakeTmp/CheckSymbolExists.c
/workspaces/CHIP-8-Emulator/src/SDL3-3.2.16/build/CMakeFiles/CMakeTmp/CheckSymbolExists.c: In function ‘main’:
/workspaces/CHIP-8-Emulator/src/SDL3-3.2.16/build/CMakeFiles/CMakeTmp/CheckSymbolExists.c:26:19: error: ‘strnstr’ undeclared (first use in this function); did you mean ‘strstr’?
   26 |   return ((int*)(&strnstr))[argc];
      |                   ^~~~~~~
      |                   strstr
/workspaces/CHIP-8-Emulator/src/SDL3-3.2.16/build/CMakeFiles/CMakeTmp/CheckSymbolExists.c:26:19: note: each undeclared identifier is reported only once for each function it appears in
make[1]: *** [CMakeFiles/cmTC_50df7.dir/build.make:66: CMakeFiles/cmTC_50df7.dir/CheckSymbolExists.c.o] Error 1
make[1]: Leaving directory '/workspaces/CHIP-8-Emulator/src/SDL3-3.2.16/build/CMakeFiles/CMakeTmp'
make: *** [Makefile:121: cmTC_50df7/fast] Error 2


File /workspaces/CHIP-8-Emulator/src/SDL3-3.2.16/build/CMakeFiles/CMakeTmp/CheckSymbolExists.c:
/* */
#include <float.h>
#include <iconv.h>
#include <inttypes.h>
#include <limits.h>
#include <malloc.h>
#include <math.h>
#include <memory.h>
#include <signal.h>
#include <stdarg.h>
#include <stdbool.h>
#include <stddef.h>
#include <stdint.h>
#include <stdio.h>
#include <stdlib.h>
#include <string.h>
#include <strings.h>
#include <sys/types.h>
#include <time.h>
#include <wchar.h>

int main(int argc, char** argv)
{
  (void)argv;
#ifndef strnstr
  return ((int*)(&strnstr))[argc];
#else
  (void)argc;
  return 0;
#endif
}
Determining if the wcslcat exist failed with the following output:
Change Dir: /workspaces/CHIP-8-Emulator/src/SDL3-3.2.16/build/CMakeFiles/CMakeTmp

Run Build Command(s):/usr/bin/make cmTC_e9218/fast && /usr/bin/make -f CMakeFiles/cmTC_e9218.dir/build.make CMakeFiles/cmTC_e9218.dir/build
make[1]: Entering directory '/workspaces/CHIP-8-Emulator/src/SDL3-3.2.16/build/CMakeFiles/CMakeTmp'
Building C object CMakeFiles/cmTC_e9218.dir/CheckSymbolExists.c.o
/usr/bin/cc   -D_GNU_SOURCE=1   -o CMakeFiles/cmTC_e9218.dir/CheckSymbolExists.c.o   -c /workspaces/CHIP-8-Emulator/src/SDL3-3.2.16/build/CMakeFiles/CMakeTmp/CheckSymbolExists.c
/workspaces/CHIP-8-Emulator/src/SDL3-3.2.16/build/CMakeFiles/CMakeTmp/CheckSymbolExists.c: In function ‘main’:
/workspaces/CHIP-8-Emulator/src/SDL3-3.2.16/build/CMakeFiles/CMakeTmp/CheckSymbolExists.c:26:19: error: ‘wcslcat’ undeclared (first use in this function); did you mean ‘wcsncat’?
   26 |   return ((int*)(&wcslcat))[argc];
      |                   ^~~~~~~
      |                   wcsncat
/workspaces/CHIP-8-Emulator/src/SDL3-3.2.16/build/CMakeFiles/CMakeTmp/CheckSymbolExists.c:26:19: note: each undeclared identifier is reported only once for each function it appears in
make[1]: *** [CMakeFiles/cmTC_e9218.dir/build.make:66: CMakeFiles/cmTC_e9218.dir/CheckSymbolExists.c.o] Error 1
make[1]: Leaving directory '/workspaces/CHIP-8-Emulator/src/SDL3-3.2.16/build/CMakeFiles/CMakeTmp'
make: *** [Makefile:121: cmTC_e9218/fast] Error 2


File /workspaces/CHIP-8-Emulator/src/SDL3-3.2.16/build/CMakeFiles/CMakeTmp/CheckSymbolExists.c:
/* */
#include <float.h>
#include <iconv.h>
#include <inttypes.h>
#include <limits.h>
#include <malloc.h>
#include <math.h>
#include <memory.h>
#include <signal.h>
#include <stdarg.h>
#include <stdbool.h>
#include <stddef.h>
#include <stdint.h>
#include <stdio.h>
#include <stdlib.h>
#include <string.h>
#include <strings.h>
#include <sys/types.h>
#include <time.h>
#include <wchar.h>

int main(int argc, char** argv)
{
  (void)argv;
#ifndef wcslcat
  return ((int*)(&wcslcat))[argc];
#else
  (void)argc;
  return 0;
#endif
}
Determining if the wcslcpy exist failed with the following output:
Change Dir: /workspaces/CHIP-8-Emulator/src/SDL3-3.2.16/build/CMakeFiles/CMakeTmp

Run Build Command(s):/usr/bin/make cmTC_550d0/fast && /usr/bin/make -f CMakeFiles/cmTC_550d0.dir/build.make CMakeFiles/cmTC_550d0.dir/build
make[1]: Entering directory '/workspaces/CHIP-8-Emulator/src/SDL3-3.2.16/build/CMakeFiles/CMakeTmp'
Building C object CMakeFiles/cmTC_550d0.dir/CheckSymbolExists.c.o
/usr/bin/cc   -D_GNU_SOURCE=1   -o CMakeFiles/cmTC_550d0.dir/CheckSymbolExists.c.o   -c /workspaces/CHIP-8-Emulator/src/SDL3-3.2.16/build/CMakeFiles/CMakeTmp/CheckSymbolExists.c
/workspaces/CHIP-8-Emulator/src/SDL3-3.2.16/build/CMakeFiles/CMakeTmp/CheckSymbolExists.c: In function ‘main’:
/workspaces/CHIP-8-Emulator/src/SDL3-3.2.16/build/CMakeFiles/CMakeTmp/CheckSymbolExists.c:26:19: error: ‘wcslcpy’ undeclared (first use in this function); did you mean ‘wcsncpy’?
   26 |   return ((int*)(&wcslcpy))[argc];
      |                   ^~~~~~~
      |                   wcsncpy
/workspaces/CHIP-8-Emulator/src/SDL3-3.2.16/build/CMakeFiles/CMakeTmp/CheckSymbolExists.c:26:19: note: each undeclared identifier is reported only once for each function it appears in
make[1]: *** [CMakeFiles/cmTC_550d0.dir/build.make:66: CMakeFiles/cmTC_550d0.dir/CheckSymbolExists.c.o] Error 1
make[1]: Leaving directory '/workspaces/CHIP-8-Emulator/src/SDL3-3.2.16/build/CMakeFiles/CMakeTmp'
make: *** [Makefile:121: cmTC_550d0/fast] Error 2


File /workspaces/CHIP-8-Emulator/src/SDL3-3.2.16/build/CMakeFiles/CMakeTmp/CheckSymbolExists.c:
/* */
#include <float.h>
#include <iconv.h>
#include <inttypes.h>
#include <limits.h>
#include <malloc.h>
#include <math.h>
#include <memory.h>
#include <signal.h>
#include <stdarg.h>
#include <stdbool.h>
#include <stddef.h>
#include <stdint.h>
#include <stdio.h>
#include <stdlib.h>
#include <string.h>
#include <strings.h>
#include <sys/types.h>
#include <time.h>
#include <wchar.h>

int main(int argc, char** argv)
{
  (void)argv;
#ifndef wcslcpy
  return ((int*)(&wcslcpy))[argc];
#else
  (void)argc;
  return 0;
#endif
}
Determining if the sysctlbyname exist failed with the following output:
Change Dir: /workspaces/CHIP-8-Emulator/src/SDL3-3.2.16/build/CMakeFiles/CMakeTmp

Run Build Command(s):/usr/bin/make cmTC_5cdc0/fast && /usr/bin/make -f CMakeFiles/cmTC_5cdc0.dir/build.make CMakeFiles/cmTC_5cdc0.dir/build
make[1]: Entering directory '/workspaces/CHIP-8-Emulator/src/SDL3-3.2.16/build/CMakeFiles/CMakeTmp'
Building C object CMakeFiles/cmTC_5cdc0.dir/CheckSymbolExists.c.o
/usr/bin/cc   -D_GNU_SOURCE=1   -o CMakeFiles/cmTC_5cdc0.dir/CheckSymbolExists.c.o   -c /workspaces/CHIP-8-Emulator/src/SDL3-3.2.16/build/CMakeFiles/CMakeTmp/CheckSymbolExists.c
In file included from /workspaces/CHIP-8-Emulator/src/SDL3-3.2.16/build/CMakeFiles/CMakeTmp/CheckSymbolExists.c:3:
/usr/include/x86_64-linux-gnu/sys/sysctl.h:21:2: warning: #warning "The <sys/sysctl.h> header is deprecated and will be removed." [-Wcpp]
   21 | #warning "The <sys/sysctl.h> header is deprecated and will be removed."
      |  ^~~~~~~
/workspaces/CHIP-8-Emulator/src/SDL3-3.2.16/build/CMakeFiles/CMakeTmp/CheckSymbolExists.c: In function ‘main’:
/workspaces/CHIP-8-Emulator/src/SDL3-3.2.16/build/CMakeFiles/CMakeTmp/CheckSymbolExists.c:9:19: error: ‘sysctlbyname’ undeclared (first use in this function)
    9 |   return ((int*)(&sysctlbyname))[argc];
      |                   ^~~~~~~~~~~~
/workspaces/CHIP-8-Emulator/src/SDL3-3.2.16/build/CMakeFiles/CMakeTmp/CheckSymbolExists.c:9:19: note: each undeclared identifier is reported only once for each function it appears in
make[1]: *** [CMakeFiles/cmTC_5cdc0.dir/build.make:66: CMakeFiles/cmTC_5cdc0.dir/CheckSymbolExists.c.o] Error 1
make[1]: Leaving directory '/workspaces/CHIP-8-Emulator/src/SDL3-3.2.16/build/CMakeFiles/CMakeTmp'
make: *** [Makefile:121: cmTC_5cdc0/fast] Error 2


File /workspaces/CHIP-8-Emulator/src/SDL3-3.2.16/build/CMakeFiles/CMakeTmp/CheckSymbolExists.c:
/* */
#include <sys/types.h>
#include <sys/sysctl.h>

int main(int argc, char** argv)
{
  (void)argv;
#ifndef sysctlbyname
  return ((int*)(&sysctlbyname))[argc];
#else
  (void)argc;
  return 0;
#endif
}
Determining if the elf_aux_info exist failed with the following output:
Change Dir: /workspaces/CHIP-8-Emulator/src/SDL3-3.2.16/build/CMakeFiles/CMakeTmp

Run Build Command(s):/usr/bin/make cmTC_6086a/fast && /usr/bin/make -f CMakeFiles/cmTC_6086a.dir/build.make CMakeFiles/cmTC_6086a.dir/build
make[1]: Entering directory '/workspaces/CHIP-8-Emulator/src/SDL3-3.2.16/build/CMakeFiles/CMakeTmp'
Building C object CMakeFiles/cmTC_6086a.dir/CheckSymbolExists.c.o
/usr/bin/cc   -D_GNU_SOURCE=1   -o CMakeFiles/cmTC_6086a.dir/CheckSymbolExists.c.o   -c /workspaces/CHIP-8-Emulator/src/SDL3-3.2.16/build/CMakeFiles/CMakeTmp/CheckSymbolExists.c
/workspaces/CHIP-8-Emulator/src/SDL3-3.2.16/build/CMakeFiles/CMakeTmp/CheckSymbolExists.c: In function ‘main’:
/workspaces/CHIP-8-Emulator/src/SDL3-3.2.16/build/CMakeFiles/CMakeTmp/CheckSymbolExists.c:8:19: error: ‘elf_aux_info’ undeclared (first use in this function)
    8 |   return ((int*)(&elf_aux_info))[argc];
      |                   ^~~~~~~~~~~~
/workspaces/CHIP-8-Emulator/src/SDL3-3.2.16/build/CMakeFiles/CMakeTmp/CheckSymbolExists.c:8:19: note: each undeclared identifier is reported only once for each function it appears in
make[1]: *** [CMakeFiles/cmTC_6086a.dir/build.make:66: CMakeFiles/cmTC_6086a.dir/CheckSymbolExists.c.o] Error 1
make[1]: Leaving directory '/workspaces/CHIP-8-Emulator/src/SDL3-3.2.16/build/CMakeFiles/CMakeTmp'
make: *** [Makefile:121: cmTC_6086a/fast] Error 2


File /workspaces/CHIP-8-Emulator/src/SDL3-3.2.16/build/CMakeFiles/CMakeTmp/CheckSymbolExists.c:
/* */
#include <sys/auxv.h>

int main(int argc, char** argv)
{
  (void)argv;
#ifndef elf_aux_info
  return ((int*)(&elf_aux_info))[argc];
#else
  (void)argc;
  return 0;
#endif
}
Performing C SOURCE FILE Test ICONV_IN_LIBICONV failed with the following output:
Change Dir: /workspaces/CHIP-8-Emulator/src/SDL3-3.2.16/build/CMakeFiles/CMakeTmp

Run Build Command(s):/usr/bin/make cmTC_51668/fast && /usr/bin/make -f CMakeFiles/cmTC_51668.dir/build.make CMakeFiles/cmTC_51668.dir/build
make[1]: Entering directory '/workspaces/CHIP-8-Emulator/src/SDL3-3.2.16/build/CMakeFiles/CMakeTmp'
Building C object CMakeFiles/cmTC_51668.dir/src.c.o
/usr/bin/cc   -DICONV_IN_LIBICONV  -D_GNU_SOURCE=1   -o CMakeFiles/cmTC_51668.dir/src.c.o   -c /workspaces/CHIP-8-Emulator/src/SDL3-3.2.16/build/CMakeFiles/CMakeTmp/src.c
Linking C executable cmTC_51668
/usr/bin/cmake -E cmake_link_script CMakeFiles/cmTC_51668.dir/link.txt --verbose=1
/usr/bin/cc  -DICONV_IN_LIBICONV  -D_GNU_SOURCE=1    CMakeFiles/cmTC_51668.dir/src.c.o  -o cmTC_51668  -liconv 
/usr/bin/ld: cannot find -liconv
collect2: error: ld returned 1 exit status
make[1]: *** [CMakeFiles/cmTC_51668.dir/build.make:87: cmTC_51668] Error 1
make[1]: Leaving directory '/workspaces/CHIP-8-Emulator/src/SDL3-3.2.16/build/CMakeFiles/CMakeTmp'
make: *** [Makefile:121: cmTC_51668/fast] Error 2


Source file was:

        #include <stddef.h>
        #include <iconv.h>
        int main(int argc, char **argv) {
            return !iconv_open(NULL,NULL);
        }
Determining if the dlopen exist failed with the following output:
Change Dir: /workspaces/CHIP-8-Emulator/src/SDL3-3.2.16/build/CMakeFiles/CMakeTmp

Run Build Command(s):/usr/bin/make cmTC_8c975/fast && /usr/bin/make -f CMakeFiles/cmTC_8c975.dir/build.make CMakeFiles/cmTC_8c975.dir/build
make[1]: Entering directory '/workspaces/CHIP-8-Emulator/src/SDL3-3.2.16/build/CMakeFiles/CMakeTmp'
Building C object CMakeFiles/cmTC_8c975.dir/CheckSymbolExists.c.o
/usr/bin/cc   -D_GNU_SOURCE=1   -o CMakeFiles/cmTC_8c975.dir/CheckSymbolExists.c.o   -c /workspaces/CHIP-8-Emulator/src/SDL3-3.2.16/build/CMakeFiles/CMakeTmp/CheckSymbolExists.c
Linking C executable cmTC_8c975
/usr/bin/cmake -E cmake_link_script CMakeFiles/cmTC_8c975.dir/link.txt --verbose=1
/usr/bin/cc   -D_GNU_SOURCE=1    CMakeFiles/cmTC_8c975.dir/CheckSymbolExists.c.o  -o cmTC_8c975 
/usr/bin/ld: CMakeFiles/cmTC_8c975.dir/CheckSymbolExists.c.o: in function `main':
CheckSymbolExists.c:(.text+0x1f): undefined reference to `dlopen'
collect2: error: ld returned 1 exit status
make[1]: *** [CMakeFiles/cmTC_8c975.dir/build.make:87: cmTC_8c975] Error 1
make[1]: Leaving directory '/workspaces/CHIP-8-Emulator/src/SDL3-3.2.16/build/CMakeFiles/CMakeTmp'
make: *** [Makefile:121: cmTC_8c975/fast] Error 2


File /workspaces/CHIP-8-Emulator/src/SDL3-3.2.16/build/CMakeFiles/CMakeTmp/CheckSymbolExists.c:
/* */
#include <dlfcn.h>

int main(int argc, char** argv)
{
  (void)argv;
#ifndef dlopen
  return ((int*)(&dlopen))[argc];
#else
  (void)argc;
  return 0;
#endif
}
Performing C SOURCE FILE Test HAVE_OPENGL_EGL failed with the following output:
Change Dir: /workspaces/CHIP-8-Emulator/src/SDL3-3.2.16/build/CMakeFiles/CMakeTmp

Run Build Command(s):/usr/bin/make cmTC_ba7fe/fast && /usr/bin/make -f CMakeFiles/cmTC_ba7fe.dir/build.make CMakeFiles/cmTC_ba7fe.dir/build
make[1]: Entering directory '/workspaces/CHIP-8-Emulator/src/SDL3-3.2.16/build/CMakeFiles/CMakeTmp'
Building C object CMakeFiles/cmTC_ba7fe.dir/src.c.o
/usr/bin/cc  -I/workspaces/CHIP-8-Emulator/src/SDL3-3.2.16/src/video/khronos  -DHAVE_OPENGL_EGL  -D_GNU_SOURCE=1   -o CMakeFiles/cmTC_ba7fe.dir/src.c.o   -c /workspaces/CHIP-8-Emulator/src/SDL3-3.2.16/build/CMakeFiles/CMakeTmp/src.c
/workspaces/CHIP-8-Emulator/src/SDL3-3.2.16/build/CMakeFiles/CMakeTmp/src.c:5:18: fatal error: EGL/egl.h: No such file or directory
    5 |         #include <EGL/egl.h>
      |                  ^~~~~~~~~~~
compilation terminated.
make[1]: *** [CMakeFiles/cmTC_ba7fe.dir/build.make:66: CMakeFiles/cmTC_ba7fe.dir/src.c.o] Error 1
make[1]: Leaving directory '/workspaces/CHIP-8-Emulator/src/SDL3-3.2.16/build/CMakeFiles/CMakeTmp'
make: *** [Makefile:121: cmTC_ba7fe/fast] Error 2


Source file was:

        #define EGL_API_FB
        #define MESA_EGL_NO_X11_HEADERS
        #define EGL_NO_X11
        #include <EGL/egl.h>
        #include <EGL/eglext.h>
        int main (int argc, char** argv) { return 0; }
Performing C SOURCE FILE Test HAVE_OPENGL_GLX failed with the following output:
Change Dir: /workspaces/CHIP-8-Emulator/src/SDL3-3.2.16/build/CMakeFiles/CMakeTmp

Run Build Command(s):/usr/bin/make cmTC_8df9a/fast && /usr/bin/make -f CMakeFiles/cmTC_8df9a.dir/build.make CMakeFiles/cmTC_8df9a.dir/build
make[1]: Entering directory '/workspaces/CHIP-8-Emulator/src/SDL3-3.2.16/build/CMakeFiles/CMakeTmp'
Building C object CMakeFiles/cmTC_8df9a.dir/src.c.o
/usr/bin/cc   -DHAVE_OPENGL_GLX  -D_GNU_SOURCE=1   -o CMakeFiles/cmTC_8df9a.dir/src.c.o   -c /workspaces/CHIP-8-Emulator/src/SDL3-3.2.16/build/CMakeFiles/CMakeTmp/src.c
/workspaces/CHIP-8-Emulator/src/SDL3-3.2.16/build/CMakeFiles/CMakeTmp/src.c:2:18: fatal error: GL/glx.h: No such file or directory
    2 |         #include <GL/glx.h>
      |                  ^~~~~~~~~~
compilation terminated.
make[1]: *** [CMakeFiles/cmTC_8df9a.dir/build.make:66: CMakeFiles/cmTC_8df9a.dir/src.c.o] Error 1
make[1]: Leaving directory '/workspaces/CHIP-8-Emulator/src/SDL3-3.2.16/build/CMakeFiles/CMakeTmp'
make: *** [Makefile:121: cmTC_8df9a/fast] Error 2


Source file was:

        #include <GL/glx.h>
        int main(int argc, char** argv) { return 0; }
Performing C SOURCE FILE Test HAVE_OPENGL failed with the following output:
Change Dir: /workspaces/CHIP-8-Emulator/src/SDL3-3.2.16/build/CMakeFiles/CMakeTmp

Run Build Command(s):/usr/bin/make cmTC_2a092/fast && /usr/bin/make -f CMakeFiles/cmTC_2a092.dir/build.make CMakeFiles/cmTC_2a092.dir/build
make[1]: Entering directory '/workspaces/CHIP-8-Emulator/src/SDL3-3.2.16/build/CMakeFiles/CMakeTmp'
Building C object CMakeFiles/cmTC_2a092.dir/src.c.o
/usr/bin/cc   -DHAVE_OPENGL  -D_GNU_SOURCE=1   -o CMakeFiles/cmTC_2a092.dir/src.c.o   -c /workspaces/CHIP-8-Emulator/src/SDL3-3.2.16/build/CMakeFiles/CMakeTmp/src.c
/workspaces/CHIP-8-Emulator/src/SDL3-3.2.16/build/CMakeFiles/CMakeTmp/src.c:2:18: fatal error: GL/gl.h: No such file or directory
    2 |         #include <GL/gl.h>
      |                  ^~~~~~~~~
compilation terminated.
make[1]: *** [CMakeFiles/cmTC_2a092.dir/build.make:66: CMakeFiles/cmTC_2a092.dir/src.c.o] Error 1
make[1]: Leaving directory '/workspaces/CHIP-8-Emulator/src/SDL3-3.2.16/build/CMakeFiles/CMakeTmp'
make: *** [Makefile:121: cmTC_2a092/fast] Error 2


Source file was:

        #include <GL/gl.h>
        #include <GL/glext.h>
        int main(int argc, char** argv) { return 0; }
Performing C SOURCE FILE Test HAVE_OPENGLES_V1 failed with the following output:
Change Dir: /workspaces/CHIP-8-Emulator/src/SDL3-3.2.16/build/CMakeFiles/CMakeTmp

Run Build Command(s):/usr/bin/make cmTC_8861d/fast && /usr/bin/make -f CMakeFiles/cmTC_8861d.dir/build.make CMakeFiles/cmTC_8861d.dir/build
make[1]: Entering directory '/workspaces/CHIP-8-Emulator/src/SDL3-3.2.16/build/CMakeFiles/CMakeTmp'
Building C object CMakeFiles/cmTC_8861d.dir/src.c.o
/usr/bin/cc  -I/workspaces/CHIP-8-Emulator/src/SDL3-3.2.16/src/video/khronos  -DHAVE_OPENGLES_V1  -D_GNU_SOURCE=1   -o CMakeFiles/cmTC_8861d.dir/src.c.o   -c /workspaces/CHIP-8-Emulator/src/SDL3-3.2.16/build/CMakeFiles/CMakeTmp/src.c
/workspaces/CHIP-8-Emulator/src/SDL3-3.2.16/build/CMakeFiles/CMakeTmp/src.c:2:18: fatal error: GLES/gl.h: No such file or directory
    2 |         #include <GLES/gl.h>
      |                  ^~~~~~~~~~~
compilation terminated.
make[1]: *** [CMakeFiles/cmTC_8861d.dir/build.make:66: CMakeFiles/cmTC_8861d.dir/src.c.o] Error 1
make[1]: Leaving directory '/workspaces/CHIP-8-Emulator/src/SDL3-3.2.16/build/CMakeFiles/CMakeTmp'
make: *** [Makefile:121: cmTC_8861d/fast] Error 2


Source file was:

        #include <GLES/gl.h>
        #include <GLES/glext.h>
        int main (int argc, char** argv) { return 0; }
Performing C SOURCE FILE Test HAVE_OPENGLES_V2 failed with the following output:
Change Dir: /workspaces/CHIP-8-Emulator/src/SDL3-3.2.16/build/CMakeFiles/CMakeTmp

Run Build Command(s):/usr/bin/make cmTC_c9bea/fast && /usr/bin/make -f CMakeFiles/cmTC_c9bea.dir/build.make CMakeFiles/cmTC_c9bea.dir/build
make[1]: Entering directory '/workspaces/CHIP-8-Emulator/src/SDL3-3.2.16/build/CMakeFiles/CMakeTmp'
Building C object CMakeFiles/cmTC_c9bea.dir/src.c.o
/usr/bin/cc  -I/workspaces/CHIP-8-Emulator/src/SDL3-3.2.16/src/video/khronos  -DHAVE_OPENGLES_V2  -D_GNU_SOURCE=1   -o CMakeFiles/cmTC_c9bea.dir/src.c.o   -c /workspaces/CHIP-8-Emulator/src/SDL3-3.2.16/build/CMakeFiles/CMakeTmp/src.c
/workspaces/CHIP-8-Emulator/src/SDL3-3.2.16/build/CMakeFiles/CMakeTmp/src.c:2:16: fatal error: GLES2/gl2.h: No such file or directory
    2 |       #include <GLES2/gl2.h>
      |                ^~~~~~~~~~~~~
compilation terminated.
make[1]: *** [CMakeFiles/cmTC_c9bea.dir/build.make:66: CMakeFiles/cmTC_c9bea.dir/src.c.o] Error 1
make[1]: Leaving directory '/workspaces/CHIP-8-Emulator/src/SDL3-3.2.16/build/CMakeFiles/CMakeTmp'
make: *** [Makefile:121: cmTC_c9bea/fast] Error 2


Source file was:

      #include <GLES2/gl2.h>
      #include <GLES2/gl2ext.h>
      int main (int argc, char** argv) { return 0; }
Determining if the include file libudev.h exists failed with the following output:
Change Dir: /workspaces/CHIP-8-Emulator/src/SDL3-3.2.16/build/CMakeFiles/CMakeTmp

Run Build Command(s):/usr/bin/make cmTC_d4958/fast && /usr/bin/make -f CMakeFiles/cmTC_d4958.dir/build.make CMakeFiles/cmTC_d4958.dir/build
make[1]: Entering directory '/workspaces/CHIP-8-Emulator/src/SDL3-3.2.16/build/CMakeFiles/CMakeTmp'
Building C object CMakeFiles/cmTC_d4958.dir/CheckIncludeFile.c.o
/usr/bin/cc   -D_GNU_SOURCE=1   -o CMakeFiles/cmTC_d4958.dir/CheckIncludeFile.c.o   -c /workspaces/CHIP-8-Emulator/src/SDL3-3.2.16/build/CMakeFiles/CMakeTmp/CheckIncludeFile.c
/workspaces/CHIP-8-Emulator/src/SDL3-3.2.16/build/CMakeFiles/CMakeTmp/CheckIncludeFile.c:1:10: fatal error: libudev.h: No such file or directory
    1 | #include <libudev.h>
      |          ^~~~~~~~~~~
compilation terminated.
make[1]: *** [CMakeFiles/cmTC_d4958.dir/build.make:66: CMakeFiles/cmTC_d4958.dir/CheckIncludeFile.c.o] Error 1
make[1]: Leaving directory '/workspaces/CHIP-8-Emulator/src/SDL3-3.2.16/build/CMakeFiles/CMakeTmp'
make: *** [Makefile:121: cmTC_d4958/fast] Error 2



Performing C SOURCE FILE Test LIBC_HAS_WORKING_LIBUNWIND failed with the following output:
Change Dir: /workspaces/CHIP-8-Emulator/src/SDL3-3.2.16/build/CMakeFiles/CMakeTmp

Run Build Command(s):/usr/bin/make cmTC_7c339/fast && /usr/bin/make -f CMakeFiles/cmTC_7c339.dir/build.make CMakeFiles/cmTC_7c339.dir/build
make[1]: Entering directory '/workspaces/CHIP-8-Emulator/src/SDL3-3.2.16/build/CMakeFiles/CMakeTmp'
Building C object CMakeFiles/cmTC_7c339.dir/src.c.o
/usr/bin/cc   -DLIBC_HAS_WORKING_LIBUNWIND  -D_GNU_SOURCE=1   -o CMakeFiles/cmTC_7c339.dir/src.c.o   -c /workspaces/CHIP-8-Emulator/src/SDL3-3.2.16/build/CMakeFiles/CMakeTmp/src.c
/workspaces/CHIP-8-Emulator/src/SDL3-3.2.16/build/CMakeFiles/CMakeTmp/src.c:1:16: fatal error: libunwind.h: No such file or directory
    1 |       #include <libunwind.h>
      |                ^~~~~~~~~~~~~
compilation terminated.
make[1]: *** [CMakeFiles/cmTC_7c339.dir/build.make:66: CMakeFiles/cmTC_7c339.dir/src.c.o] Error 1
make[1]: Leaving directory '/workspaces/CHIP-8-Emulator/src/SDL3-3.2.16/build/CMakeFiles/CMakeTmp'
make: *** [Makefile:121: cmTC_7c339/fast] Error 2


Source file was:
      #include <libunwind.h>
      int main(int argc, char *argv[]) {
        (void)argc; (void)argv;
        unw_context_t context;
        unw_cursor_t cursor;
        unw_word_t pc;
        char sym[256];
        unw_word_t offset;
        unw_getcontext(&context);
        unw_step(&cursor);
        unw_get_reg(&cursor, UNW_REG_IP, &pc);
        unw_get_proc_name(&cursor, sym, sizeof(sym), &offset);
        return 0;
      }
Performing C SOURCE FILE Test LIBUNWIND_HAS_WORKINGLIBUNWIND failed with the following output:
Change Dir: /workspaces/CHIP-8-Emulator/src/SDL3-3.2.16/build/CMakeFiles/CMakeTmp

Run Build Command(s):/usr/bin/make cmTC_1871d/fast && /usr/bin/make -f CMakeFiles/cmTC_1871d.dir/build.make CMakeFiles/cmTC_1871d.dir/build
make[1]: Entering directory '/workspaces/CHIP-8-Emulator/src/SDL3-3.2.16/build/CMakeFiles/CMakeTmp'
Building C object CMakeFiles/cmTC_1871d.dir/src.c.o
/usr/bin/cc   -DLIBUNWIND_HAS_WORKINGLIBUNWIND  -D_GNU_SOURCE=1   -o CMakeFiles/cmTC_1871d.dir/src.c.o   -c /workspaces/CHIP-8-Emulator/src/SDL3-3.2.16/build/CMakeFiles/CMakeTmp/src.c
/workspaces/CHIP-8-Emulator/src/SDL3-3.2.16/build/CMakeFiles/CMakeTmp/src.c:1:16: fatal error: libunwind.h: No such file or directory
    1 |       #include <libunwind.h>
      |                ^~~~~~~~~~~~~
compilation terminated.
make[1]: *** [CMakeFiles/cmTC_1871d.dir/build.make:66: CMakeFiles/cmTC_1871d.dir/src.c.o] Error 1
make[1]: Leaving directory '/workspaces/CHIP-8-Emulator/src/SDL3-3.2.16/build/CMakeFiles/CMakeTmp'
make: *** [Makefile:121: cmTC_1871d/fast] Error 2


Source file was:
      #include <libunwind.h>
      int main(int argc, char *argv[]) {
        (void)argc; (void)argv;
        unw_context_t context;
        unw_cursor_t cursor;
        unw_word_t pc;
        char sym[256];
        unw_word_t offset;
        unw_getcontext(&context);
        unw_step(&cursor);
        unw_get_reg(&cursor, UNW_REG_IP, &pc);
        unw_get_proc_name(&cursor, sym, sizeof(sym), &offset);
        return 0;
      }
Determining if the include file pthread_np.h exists failed with the following output:
Change Dir: /workspaces/CHIP-8-Emulator/src/SDL3-3.2.16/build/CMakeFiles/CMakeTmp

Run Build Command(s):/usr/bin/make cmTC_b0986/fast && /usr/bin/make -f CMakeFiles/cmTC_b0986.dir/build.make CMakeFiles/cmTC_b0986.dir/build
make[1]: Entering directory '/workspaces/CHIP-8-Emulator/src/SDL3-3.2.16/build/CMakeFiles/CMakeTmp'
Building C object CMakeFiles/cmTC_b0986.dir/CheckIncludeFile.c.o
/usr/bin/cc   -D_GNU_SOURCE=1 -D_REENTRANT -pthread   -o CMakeFiles/cmTC_b0986.dir/CheckIncludeFile.c.o   -c /workspaces/CHIP-8-Emulator/src/SDL3-3.2.16/build/CMakeFiles/CMakeTmp/CheckIncludeFile.c
/workspaces/CHIP-8-Emulator/src/SDL3-3.2.16/build/CMakeFiles/CMakeTmp/CheckIncludeFile.c:1:10: fatal error: pthread_np.h: No such file or directory
    1 | #include <pthread_np.h>
      |          ^~~~~~~~~~~~~~
compilation terminated.
make[1]: *** [CMakeFiles/cmTC_b0986.dir/build.make:66: CMakeFiles/cmTC_b0986.dir/CheckIncludeFile.c.o] Error 1
make[1]: Leaving directory '/workspaces/CHIP-8-Emulator/src/SDL3-3.2.16/build/CMakeFiles/CMakeTmp'
make: *** [Makefile:121: cmTC_b0986/fast] Error 2



